Activity Log Started
Mon Aug 10 06:40:39 UTC 2026
Tue Aug 11 05:13:37 UTC 2026
Tue Aug 11 16:36:06 PST 2026 - local update 1
Tue Aug 11 16:36:06 PST 2026 - local update 2
Tue Aug 11 16:36:06 PST 2026 - local update 3
Tue Aug 11 16:36:06 PST 2026 - local update 4
Tue Aug 11 16:36:06 PST 2026 - local update 5
Tue Aug 11 16:36:06 PST 2026 - local update 6
Tue Aug 11 16:36:06 PST 2026 - local update 7
Tue Aug 11 16:36:06 PST 2026 - local update 8
Tue Aug 11 16:36:06 PST 2026 - local update 9
Tue Aug 11 16:36:06 PST 2026 - local update 10
Tue Aug 11 16:36:06 PST 2026 - local update 11
Tue Aug 11 16:36:06 PST 2026 - local update 12
Tue Aug 11 16:36:06 PST 2026 - local update 13
Tue Aug 11 16:36:06 PST 2026 - local update 14
Tue Aug 11 16:36:06 PST 2026 - local update 15
Wed Aug 12 05:40:22 UTC 2026 - update 1
Wed Aug 12 05:40:22 UTC 2026 - update 2
Wed Aug 12 05:40:22 UTC 2026 - update 3
Wed Aug 12 05:40:22 UTC 2026 - update 4
Wed Aug 12 05:40:22 UTC 2026 - update 5
Wed Aug 12 05:40:22 UTC 2026 - update 6
Wed Aug 12 05:40:22 UTC 2026 - update 7
Wed Aug 12 05:40:22 UTC 2026 - update 8
Wed Aug 12 05:40:22 UTC 2026 - update 9
Wed Aug 12 05:40:22 UTC 2026 - update 10
Wed Aug 12 05:40:22 UTC 2026 - update 11
Wed Aug 12 05:40:22 UTC 2026 - update 12
Wed Aug 12 05:40:22 UTC 2026 - update 13
Wed Aug 12 05:40:22 UTC 2026 - update 14
Wed Aug 12 05:40:22 UTC 2026 - update 15
Thu Aug 13 05:43:18 UTC 2026 - update 1
Thu Aug 13 05:43:18 UTC 2026 - update 2
Thu Aug 13 05:43:18 UTC 2026 - update 3
Thu Aug 13 05:43:18 UTC 2026 - update 4
Thu Aug 13 05:43:18 UTC 2026 - update 5
Thu Aug 13 05:43:18 UTC 2026 - update 6
Thu Aug 13 05:43:19 UTC 2026 - update 7
Thu Aug 13 05:43:19 UTC 2026 - update 8
Thu Aug 13 05:43:19 UTC 2026 - update 9
Thu Aug 13 05:43:19 UTC 2026 - update 10
Thu Aug 13 05:43:19 UTC 2026 - update 11
Thu Aug 13 05:43:19 UTC 2026 - update 12
Thu Aug 13 05:43:19 UTC 2026 - update 13
Thu Aug 13 05:43:19 UTC 2026 - update 14
Thu Aug 13 05:43:19 UTC 2026 - update 15
Fri Aug 14 05:40:25 UTC 2026 - update 1
Fri Aug 14 05:40:25 UTC 2026 - update 2
Fri Aug 14 05:40:25 UTC 2026 - update 3
Fri Aug 14 05:40:25 UTC 2026 - update 4
Fri Aug 14 05:40:25 UTC 2026 - update 5
Fri Aug 14 05:40:25 UTC 2026 - update 6
Fri Aug 14 05:40:25 UTC 2026 - update 7
Fri Aug 14 05:40:25 UTC 2026 - update 8
Fri Aug 14 05:40:26 UTC 2026 - update 9
Fri Aug 14 05:40:26 UTC 2026 - update 10
Fri Aug 14 05:40:26 UTC 2026 - update 11
Fri Aug 14 05:40:26 UTC 2026 - update 12
Fri Aug 14 05:40:26 UTC 2026 - update 13
Fri Aug 14 05:40:26 UTC 2026 - update 14
Fri Aug 14 05:40:26 UTC 2026 - update 15
Sat Aug 15 04:35:49 UTC 2026 - update 1
Sat Aug 15 04:35:49 UTC 2026 - update 2
Sat Aug 15 04:35:49 UTC 2026 - update 3
Sat Aug 15 04:35:49 UTC 2026 - update 4
Sat Aug 15 04:35:49 UTC 2026 - update 5
Sat Aug 15 04:35:49 UTC 2026 - update 6
Sat Aug 15 04:35:49 UTC 2026 - update 7
Sat Aug 15 04:35:49 UTC 2026 - update 8
Sat Aug 15 04:35:49 UTC 2026 - update 9
Sat Aug 15 04:35:49 UTC 2026 - update 10
Sat Aug 15 04:35:49 UTC 2026 - update 11
Sat Aug 15 04:35:49 UTC 2026 - update 12
Sat Aug 15 04:35:49 UTC 2026 - update 13
Sat Aug 15 04:35:49 UTC 2026 - update 14
Sat Aug 15 04:35:49 UTC 2026 - update 15
Sun Aug 16 04:40:03 UTC 2026 - update 1
Sun Aug 16 04:40:03 UTC 2026 - update 2
Sun Aug 16 04:40:03 UTC 2026 - update 3
Sun Aug 16 04:40:03 UTC 2026 - update 4
Sun Aug 16 04:40:03 UTC 2026 - update 5
Sun Aug 16 04:40:03 UTC 2026 - update 6
Sun Aug 16 04:40:03 UTC 2026 - update 7
Sun Aug 16 04:40:03 UTC 2026 - update 8
Sun Aug 16 04:40:03 UTC 2026 - update 9
Sun Aug 16 04:40:03 UTC 2026 - update 10
Sun Aug 16 04:40:03 UTC 2026 - update 11
Sun Aug 16 04:40:03 UTC 2026 - update 12
Sun Aug 16 04:40:03 UTC 2026 - update 13
Sun Aug 16 04:40:03 UTC 2026 - update 14
Sun Aug 16 04:40:03 UTC 2026 - update 15
Mon Aug 17 04:48:21 UTC 2026 - update 1
Mon Aug 17 04:48:21 UTC 2026 - update 2
Mon Aug 17 04:48:21 UTC 2026 - update 3
Mon Aug 17 04:48:21 UTC 2026 - update 4
Mon Aug 17 04:48:21 UTC 2026 - update 5
Mon Aug 17 04:48:21 UTC 2026 - update 6
Mon Aug 17 04:48:21 UTC 2026 - update 7
Mon Aug 17 04:48:21 UTC 2026 - update 8
Mon Aug 17 04:48:21 UTC 2026 - update 9
Mon Aug 17 04:48:21 UTC 2026 - update 10
Mon Aug 17 04:48:21 UTC 2026 - update 11
Mon Aug 17 04:48:21 UTC 2026 - update 12
Mon Aug 17 04:48:21 UTC 2026 - update 13
Mon Aug 17 04:48:21 UTC 2026 - update 14
Mon Aug 17 04:48:21 UTC 2026 - update 15
Tue Aug 18 04:39:58 UTC 2026 - update 1
Tue Aug 18 04:39:58 UTC 2026 - update 2
Tue Aug 18 04:39:58 UTC 2026 - update 3
Tue Aug 18 04:39:58 UTC 2026 - update 4
Tue Aug 18 04:39:58 UTC 2026 - update 5
Tue Aug 18 04:39:58 UTC 2026 - update 6
Tue Aug 18 04:39:58 UTC 2026 - update 7
Tue Aug 18 04:39:58 UTC 2026 - update 8
Tue Aug 18 04:39:58 UTC 2026 - update 9
Tue Aug 18 04:39:58 UTC 2026 - update 10
Tue Aug 18 04:39:58 UTC 2026 - update 11
Tue Aug 18 04:39:58 UTC 2026 - update 12
Tue Aug 18 04:39:58 UTC 2026 - update 13
Tue Aug 18 04:39:58 UTC 2026 - update 14
Tue Aug 18 04:39:58 UTC 2026 - update 15
Wed Aug 19 04:41:34 UTC 2026 - update 1
Wed Aug 19 04:41:34 UTC 2026 - update 2
Wed Aug 19 04:41:34 UTC 2026 - update 3
Wed Aug 19 04:41:34 UTC 2026 - update 4
Wed Aug 19 04:41:34 UTC 2026 - update 5
Wed Aug 19 04:41:34 UTC 2026 - update 6
Wed Aug 19 04:41:34 UTC 2026 - update 7
Wed Aug 19 04:41:34 UTC 2026 - update 8
Wed Aug 19 04:41:34 UTC 2026 - update 9
Wed Aug 19 04:41:34 UTC 2026 - update 10
Wed Aug 19 04:41:34 UTC 2026 - update 11
Wed Aug 19 04:41:34 UTC 2026 - update 12
Wed Aug 19 04:41:34 UTC 2026 - update 13
Wed Aug 19 04:41:34 UTC 2026 - update 14
Wed Aug 19 04:41:34 UTC 2026 - update 15
Thu Aug 20 04:41:49 UTC 2026 - update 1
Thu Aug 20 04:41:49 UTC 2026 - update 2
Thu Aug 20 04:41:49 UTC 2026 - update 3
Thu Aug 20 04:41:49 UTC 2026 - update 4
Thu Aug 20 04:41:49 UTC 2026 - update 5
Thu Aug 20 04:41:49 UTC 2026 - update 6
Thu Aug 20 04:41:49 UTC 2026 - update 7
Thu Aug 20 04:41:49 UTC 2026 - update 8
Thu Aug 20 04:41:49 UTC 2026 - update 9
Thu Aug 20 04:41:49 UTC 2026 - update 10
Thu Aug 20 04:41:49 UTC 2026 - update 11
Thu Aug 20 04:41:49 UTC 2026 - update 12
Thu Aug 20 04:41:49 UTC 2026 - update 13
Thu Aug 20 04:41:49 UTC 2026 - update 14
Thu Aug 20 04:41:49 UTC 2026 - update 15
Fri Aug 21 04:43:17 UTC 2026 - update 1
Fri Aug 21 04:43:17 UTC 2026 - update 2
Fri Aug 21 04:43:17 UTC 2026 - update 3
Fri Aug 21 04:43:17 UTC 2026 - update 4
Fri Aug 21 04:43:17 UTC 2026 - update 5
Fri Aug 21 04:43:17 UTC 2026 - update 6
Fri Aug 21 04:43:17 UTC 2026 - update 7
Fri Aug 21 04:43:18 UTC 2026 - update 8
Fri Aug 21 04:43:18 UTC 2026 - update 9
Fri Aug 21 04:43:18 UTC 2026 - update 10
Fri Aug 21 04:43:18 UTC 2026 - update 11
Fri Aug 21 04:43:18 UTC 2026 - update 12
Fri Aug 21 04:43:18 UTC 2026 - update 13
Fri Aug 21 04:43:18 UTC 2026 - update 14
Fri Aug 21 04:43:18 UTC 2026 - update 15
Sat Aug 22 04:37:35 UTC 2026 - update 1
Sat Aug 22 04:37:35 UTC 2026 - update 2
Sat Aug 22 04:37:35 UTC 2026 - update 3
Sat Aug 22 04:37:35 UTC 2026 - update 4
Sat Aug 22 04:37:35 UTC 2026 - update 5
Sat Aug 22 04:37:35 UTC 2026 - update 6
Sat Aug 22 04:37:35 UTC 2026 - update 7
Sat Aug 22 04:37:35 UTC 2026 - update 8
Sat Aug 22 04:37:35 UTC 2026 - update 9
Sat Aug 22 04:37:35 UTC 2026 - update 10
Sat Aug 22 04:37:35 UTC 2026 - update 11
Sat Aug 22 04:37:35 UTC 2026 - update 12
Sat Aug 22 04:37:35 UTC 2026 - update 13
Sat Aug 22 04:37:35 UTC 2026 - update 14
Sat Aug 22 04:37:35 UTC 2026 - update 15
Sun Aug 23 04:41:55 UTC 2026 - update 1
Sun Aug 23 04:41:55 UTC 2026 - update 2
Sun Aug 23 04:41:55 UTC 2026 - update 3
Sun Aug 23 04:41:55 UTC 2026 - update 4
Sun Aug 23 04:41:55 UTC 2026 - update 5
Sun Aug 23 04:41:55 UTC 2026 - update 6
Sun Aug 23 04:41:55 UTC 2026 - update 7
Sun Aug 23 04:41:55 UTC 2026 - update 8
Sun Aug 23 04:41:55 UTC 2026 - update 9
Sun Aug 23 04:41:55 UTC 2026 - update 10
Sun Aug 23 04:41:55 UTC 2026 - update 11
Sun Aug 23 04:41:55 UTC 2026 - update 12
Sun Aug 23 04:41:55 UTC 2026 - update 13
Sun Aug 23 04:41:55 UTC 2026 - update 14
Sun Aug 23 04:41:55 UTC 2026 - update 15
Mon Aug 24 04:50:40 UTC 2026 - update 1
Mon Aug 24 04:50:40 UTC 2026 - update 2
Mon Aug 24 04:50:40 UTC 2026 - update 3
Mon Aug 24 04:50:40 UTC 2026 - update 4
Mon Aug 24 04:50:40 UTC 2026 - update 5
Mon Aug 24 04:50:40 UTC 2026 - update 6
Mon Aug 24 04:50:40 UTC 2026 - update 7
Mon Aug 24 04:50:40 UTC 2026 - update 8
Mon Aug 24 04:50:40 UTC 2026 - update 9
Mon Aug 24 04:50:40 UTC 2026 - update 10
Mon Aug 24 04:50:40 UTC 2026 - update 11
Mon Aug 24 04:50:40 UTC 2026 - update 12
Mon Aug 24 04:50:40 UTC 2026 - update 13
Mon Aug 24 04:50:40 UTC 2026 - update 14
Mon Aug 24 04:50:40 UTC 2026 - update 15
Tue Aug 25 04:43:29 UTC 2026 - update 1
Tue Aug 25 04:43:29 UTC 2026 - update 2
Tue Aug 25 04:43:29 UTC 2026 - update 3
Tue Aug 25 04:43:29 UTC 2026 - update 4
Tue Aug 25 04:43:29 UTC 2026 - update 5
Tue Aug 25 04:43:29 UTC 2026 - update 6
Tue Aug 25 04:43:29 UTC 2026 - update 7
Tue Aug 25 04:43:29 UTC 2026 - update 8
Tue Aug 25 04:43:29 UTC 2026 - update 9
Tue Aug 25 04:43:29 UTC 2026 - update 10
Tue Aug 25 04:43:29 UTC 2026 - update 11
Tue Aug 25 04:43:29 UTC 2026 - update 12
Tue Aug 25 04:43:29 UTC 2026 - update 13
Tue Aug 25 04:43:29 UTC 2026 - update 14
Tue Aug 25 04:43:29 UTC 2026 - update 15
Wed Aug 26 04:44:26 UTC 2026 - update 1
Wed Aug 26 04:44:26 UTC 2026 - update 2
Wed Aug 26 04:44:26 UTC 2026 - update 3
Wed Aug 26 04:44:26 UTC 2026 - update 4
Wed Aug 26 04:44:26 UTC 2026 - update 5
Wed Aug 26 04:44:26 UTC 2026 - update 6
Wed Aug 26 04:44:26 UTC 2026 - update 7
Wed Aug 26 04:44:26 UTC 2026 - update 8
Wed Aug 26 04:44:26 UTC 2026 - update 9
Wed Aug 26 04:44:26 UTC 2026 - update 10
Wed Aug 26 04:44:26 UTC 2026 - update 11
Wed Aug 26 04:44:26 UTC 2026 - update 12
Wed Aug 26 04:44:26 UTC 2026 - update 13
Wed Aug 26 04:44:26 UTC 2026 - update 14
Wed Aug 26 04:44:26 UTC 2026 - update 15
Thu Aug 27 15:04:19 UTC 2026 - update 1
Thu Aug 27 15:04:19 UTC 2026 - update 2
Thu Aug 27 15:04:19 UTC 2026 - update 3
Thu Aug 27 15:04:19 UTC 2026 - update 4
Thu Aug 27 15:04:19 UTC 2026 - update 5
Thu Aug 27 15:04:19 UTC 2026 - update 6
Thu Aug 27 15:04:19 UTC 2026 - update 7
Thu Aug 27 15:04:19 UTC 2026 - update 8
Thu Aug 27 15:04:19 UTC 2026 - update 9
Thu Aug 27 15:04:19 UTC 2026 - update 10
Thu Aug 27 15:04:19 UTC 2026 - update 11
Thu Aug 27 15:04:19 UTC 2026 - update 12
Thu Aug 27 15:04:19 UTC 2026 - update 13
Thu Aug 27 15:04:19 UTC 2026 - update 14
Thu Aug 27 15:04:19 UTC 2026 - update 15
Fri Aug 28 16:27:35 UTC 2026 - update 1
Fri Aug 28 16:27:35 UTC 2026 - update 2
Fri Aug 28 16:27:35 UTC 2026 - update 3
Fri Aug 28 16:27:35 UTC 2026 - update 4
Fri Aug 28 16:27:35 UTC 2026 - update 5
Fri Aug 28 16:27:35 UTC 2026 - update 6
Fri Aug 28 16:27:35 UTC 2026 - update 7
Fri Aug 28 16:27:35 UTC 2026 - update 8
Fri Aug 28 16:27:35 UTC 2026 - update 9
Fri Aug 28 16:27:35 UTC 2026 - update 10
Fri Aug 28 16:27:35 UTC 2026 - update 11
Fri Aug 28 16:27:35 UTC 2026 - update 12
Fri Aug 28 16:27:35 UTC 2026 - update 13
Fri Aug 28 16:27:35 UTC 2026 - update 14
Fri Aug 28 16:27:35 UTC 2026 - update 15
Sat Aug 29 10:56:06 UTC 2026 - update 1
Sat Aug 29 10:56:06 UTC 2026 - update 2
Sat Aug 29 10:56:06 UTC 2026 - update 3
Sat Aug 29 10:56:06 UTC 2026 - update 4
Sat Aug 29 10:56:06 UTC 2026 - update 5
Sat Aug 29 10:56:06 UTC 2026 - update 6
Sat Aug 29 10:56:07 UTC 2026 - update 7
Sat Aug 29 10:56:07 UTC 2026 - update 8
Sat Aug 29 10:56:07 UTC 2026 - update 9
Sat Aug 29 10:56:07 UTC 2026 - update 10
Sat Aug 29 10:56:07 UTC 2026 - update 11
Sat Aug 29 10:56:07 UTC 2026 - update 12
Sat Aug 29 10:56:07 UTC 2026 - update 13
Sat Aug 29 10:56:07 UTC 2026 - update 14
Sat Aug 29 10:56:07 UTC 2026 - update 15
Sun Aug 30 09:50:42 UTC 2026 - update 1
Sun Aug 30 09:50:42 UTC 2026 - update 2
Sun Aug 30 09:50:42 UTC 2026 - update 3
Sun Aug 30 09:50:42 UTC 2026 - update 4
Sun Aug 30 09:50:42 UTC 2026 - update 5
Sun Aug 30 09:50:42 UTC 2026 - update 6
Sun Aug 30 09:50:42 UTC 2026 - update 7
Sun Aug 30 09:50:42 UTC 2026 - update 8
Sun Aug 30 09:50:42 UTC 2026 - update 9
Sun Aug 30 09:50:42 UTC 2026 - update 10
Sun Aug 30 09:50:42 UTC 2026 - update 11
Sun Aug 30 09:50:42 UTC 2026 - update 12
Sun Aug 30 09:50:42 UTC 2026 - update 13
Sun Aug 30 09:50:42 UTC 2026 - update 14
Sun Aug 30 09:50:42 UTC 2026 - update 15
Mon Aug 31 10:41:57 UTC 2026 - update 1
Mon Aug 31 10:41:57 UTC 2026 - update 2
Mon Aug 31 10:41:57 UTC 2026 - update 3
Mon Aug 31 10:41:57 UTC 2026 - update 4
Mon Aug 31 10:41:57 UTC 2026 - update 5
Mon Aug 31 10:41:57 UTC 2026 - update 6
Mon Aug 31 10:41:57 UTC 2026 - update 7
Mon Aug 31 10:41:57 UTC 2026 - update 8
Mon Aug 31 10:41:57 UTC 2026 - update 9
Mon Aug 31 10:41:57 UTC 2026 - update 10
Mon Aug 31 10:41:57 UTC 2026 - update 11
Mon Aug 31 10:41:57 UTC 2026 - update 12
Mon Aug 31 10:41:57 UTC 2026 - update 13
Mon Aug 31 10:41:57 UTC 2026 - update 14
Mon Aug 31 10:41:57 UTC 2026 - update 15
Tue Sep  1 09:17:20 UTC 2026 - update 1
Tue Sep  1 09:17:20 UTC 2026 - update 2
Tue Sep  1 09:17:20 UTC 2026 - update 3
Tue Sep  1 09:17:20 UTC 2026 - update 4
Tue Sep  1 09:17:20 UTC 2026 - update 5
Tue Sep  1 09:17:20 UTC 2026 - update 6
Tue Sep  1 09:17:20 UTC 2026 - update 7
Tue Sep  1 09:17:20 UTC 2026 - update 8
Tue Sep  1 09:17:20 UTC 2026 - update 9
Tue Sep  1 09:17:20 UTC 2026 - update 10
Tue Sep  1 09:17:20 UTC 2026 - update 11
Tue Sep  1 09:17:20 UTC 2026 - update 12
Tue Sep  1 09:17:20 UTC 2026 - update 13
Tue Sep  1 09:17:20 UTC 2026 - update 14
Tue Sep  1 09:17:20 UTC 2026 - update 15
Wed Sep  2 08:38:16 UTC 2026 - update 1 of 8
Wed Sep  2 08:38:16 UTC 2026 - update 2 of 8
Wed Sep  2 08:38:16 UTC 2026 - update 3 of 8
Wed Sep  2 08:38:16 UTC 2026 - update 4 of 8
Wed Sep  2 08:38:16 UTC 2026 - update 5 of 8
Wed Sep  2 08:38:16 UTC 2026 - update 6 of 8
Wed Sep  2 08:38:16 UTC 2026 - update 7 of 8
Wed Sep  2 08:38:16 UTC 2026 - update 8 of 8
Thu Sep  3 08:46:34 UTC 2026 - update 1 of 7
Thu Sep  3 08:46:34 UTC 2026 - update 2 of 7
Thu Sep  3 08:46:34 UTC 2026 - update 3 of 7
Thu Sep  3 08:46:34 UTC 2026 - update 4 of 7
Thu Sep  3 08:46:34 UTC 2026 - update 5 of 7
Thu Sep  3 08:46:34 UTC 2026 - update 6 of 7
Thu Sep  3 08:46:34 UTC 2026 - update 7 of 7
Fri Sep  4 08:42:24 UTC 2026 - update 1 of 11
Fri Sep  4 08:42:24 UTC 2026 - update 2 of 11
Fri Sep  4 08:42:24 UTC 2026 - update 3 of 11
Fri Sep  4 08:42:24 UTC 2026 - update 4 of 11
Fri Sep  4 08:42:24 UTC 2026 - update 5 of 11
Fri Sep  4 08:42:24 UTC 2026 - update 6 of 11
Fri Sep  4 08:42:24 UTC 2026 - update 7 of 11
Fri Sep  4 08:42:24 UTC 2026 - update 8 of 11
Fri Sep  4 08:42:24 UTC 2026 - update 9 of 11
Fri Sep  4 08:42:24 UTC 2026 - update 10 of 11
Fri Sep  4 08:42:24 UTC 2026 - update 11 of 11
Sat Sep  5 08:13:24 UTC 2026 - workspace sync event 1 of 2
Sat Sep  5 08:13:24 UTC 2026 - workspace sync event 2 of 2
Sun Sep  6 08:32:33 UTC 2026 - workspace sync event 1 of 12
Sun Sep  6 08:32:33 UTC 2026 - workspace sync event 2 of 12
Sun Sep  6 08:32:33 UTC 2026 - workspace sync event 3 of 12
Sun Sep  6 08:32:33 UTC 2026 - workspace sync event 4 of 12
Sun Sep  6 08:32:33 UTC 2026 - workspace sync event 5 of 12
Sun Sep  6 08:32:33 UTC 2026 - workspace sync event 6 of 12
Sun Sep  6 08:32:33 UTC 2026 - workspace sync event 7 of 12
Sun Sep  6 08:32:33 UTC 2026 - workspace sync event 8 of 12
